{"name":"test-event","data":"{\"test-key\":\"test-val\"}","channels":["test-channel"]}