{"name":"test-event","data":"\"test-data\"","channels":["test-channel"],"socket_id":"1.1"}