{"name":"test-event","data":"\"test-data\"","channels":["test-channel"]}